[index-2.html]
[backblue.gif]
[fade.gif]
[index.html]
[wp-content/uploads/Opengraph-Image.jpg]
[wp-content/plugins/bdthemes-element-pack/assets/css/bdt-uikit673e.css]
[feed/index.html]
[wp-content/plugins/bdthemes-element-pack/assets/css/ep-helperdf08.css]
[comments/feed/index.html]
[wp-content/plugins/jet-engine/assets/css/frontende485.css]
[wp-content/themes/vault-child/styleef10.css]
[wp-content/plugins/elementor/assets/css/frontend-lite.minde8f.css]
[wp-content/plugins/elementor/assets/lib/swiper/v8/css/swiper.min94a4.css]
[wp-content/plugins/elementor-pro/assets/css/frontend-lite.min34a7.css]
[wp-content/uploads/elementor/css/post-4343de.css]
[wp-content/uploads/elementor/css/post-629dad.css]
[wp-content/uploads/elementor/css/post-50b6ab.css]
[wp-content/uploads/uicore-global53c6.css]
[wp-content/plugins/uicore-framework/assets/fonts/themify-icons8a54.css]
[wp-includes/js/jquery/jquery.minf43b.js]
[wp-includes/js/jquery/jquery-migrate.min5589.js]
[wp-json/wp/v2/pages/43]
[wp-json/index.html]
[xmlrpc0db0.php]
[wp-json/oembed/1.0/embed1cf7]
[wp-content/uploads/2024/04/cropped-favicon-black.png]
[wp-content/uploads/2024/04/cropped-favicon-black-32x32.png]
[wp-content/uploads/2024/04/cropped-favicon-black-192x192.png]
[wp-content/uploads/2024/04/cropped-favicon-black-180x180.png]
[wp-content/uploads/3.jpg]
[wp-content/uploads/4.jpg]
[wp-content/uploads/5.jpg]
[wp-content/uploads/6.jpg]
[wp-content/plugins/elementor/assets/css/widget-icon-list.min.css]
[wp-content/uploads/notes.png]
[wp-content/uploads/lightning-1.png]
[wp-content/uploads/money.png]
[wp-content/uploads/premium-quality.png]
[wp-content/uploads/version-control.png]
[wp-content/uploads/magic.png]
[wp-content/uploads/youtube.svg]
[wp-content/uploads/cool_fm.svg]
[wp-content/uploads/bolt.svg]
[wp-content/uploads/arla.svg]
[wp-content/uploads/access_bank.svg]
[wp-content/uploads/GIGM-Logo.svg]
[wp-content/uploads/MTN-Logo.svg]
[wp-content/uploads/kuda_bank.svg]
[cdn-cgi/l/email-protection.html]
[terms-of-use/index.html]
[privacy/index.html]
[wp-content/uploads/CERTIFICATE-SAMEDAY-DESIGN-SERVICES-LTD.pdf]
[cdn-cgi/scripts/5c5dd728/cloudflare-static/email-decode.min.js]
[wp-content/plugins/bdthemes-element-pack/assets/css/ep-cursor-effectsdf08.css]
[wp-content/plugins/bdthemes-element-pack/assets/css/ep-reveal-effectsdf08.css]
[wp-content/plugins/bdthemes-element-pack/assets/css/ep-marqueedf08.css]
[wp-content/plugins/bdthemes-element-pack/assets/css/tippydf08.css]
[wp-content/plugins/bdthemes-element-pack/assets/css/ep-accordiondf08.css]
[wp-content/uploads/uicore-global53c6.js]
[wp-content/plugins/bdthemes-element-pack/assets/js/bdt-uikit.min673e.js]
[wp-content/plugins/elementor/assets/js/webpack.runtime.minde8f.js]
[wp-content/plugins/elementor/assets/js/frontend-modules.minde8f.js]
[wp-includes/js/jquery/ui/core.min3f14.js]
[wp-content/plugins/elementor/assets/js/frontend.minde8f.js]
[wp-content/plugins/bdthemes-element-pack/assets/js/modules/ep-wrapper-link.mindf08.js]
[wp-content/plugins/bdthemes-element-pack/assets/vendor/js/cotton.min68b3.js]
[wp-content/plugins/bdthemes-element-pack/assets/js/modules/ep-cursor-effects.mindf08.js]
[wp-content/plugins/bdthemes-element-pack/assets/vendor/js/anime.mindeae.js]
[wp-content/plugins/bdthemes-element-pack/assets/vendor/js/RevealFx.min2fb2.js]
[wp-content/plugins/bdthemes-element-pack/assets/js/modules/ep-reveal-effects.mindf08.js]
[wp-content/plugins/bdthemes-element-pack/assets/vendor/js/lottie.mindac3.js]
[wp-content/plugins/bdthemes-element-pack/assets/vendor/js/gsap.mine56c.js]
[wp-content/plugins/bdthemes-element-pack/assets/vendor/js/Draggable.mine56c.js]
[wp-content/plugins/bdthemes-element-pack/assets/vendor/js/InertiaPlugin.mine56c.js]
[wp-content/plugins/bdthemes-element-pack/assets/js/modules/ep-marquee.mindf08.js]
[wp-content/plugins/bdthemes-element-pack/assets/js/modules/ep-lottie-image.mindf08.js]
[wp-content/plugins/bdthemes-element-pack/assets/vendor/js/popper.min.js]
[wp-content/plugins/bdthemes-element-pack/assets/vendor/js/tippy.all.min.js]
[wp-content/plugins/bdthemes-element-pack/assets/js/modules/ep-tooltip.mindf08.js]
[wp-content/plugins/bdthemes-element-pack/assets/js/modules/ep-parallax-effects.mindf08.js]
[wp-content/plugins/bdthemes-element-pack/assets/vendor/js/confetti.browser.min7c7a.js]
[wp-content/plugins/bdthemes-element-pack/assets/js/modules/ep-confetti-effects.mindf08.js]
[wp-content/plugins/bdthemes-element-pack/assets/js/modules/ep-accordion.mindf08.js]
[wp-content/plugins/bdthemes-element-pack/assets/js/common/helper.mindf08.js]
[wp-content/plugins/elementor-pro/assets/js/webpack-pro.runtime.min34a7.js]
[wp-includes/js/dist/vendor/wp-polyfill-inert.min0226.js]
[wp-includes/js/dist/vendor/regenerator-runtime.min6c85.js]
[wp-includes/js/dist/vendor/wp-polyfill.min2c7c.js]
[wp-includes/js/dist/hooks.min2757.js]
[wp-includes/js/dist/i18n.minc33c.js]
[wp-content/plugins/elementor-pro/assets/js/frontend.min34a7.js]
[wp-content/plugins/elementor-pro/assets/js/elements-handlers.min34a7.js]
[index-2.html]
[wp-content/plugins/bdthemes-element-pack/assets/css/bdt-uikit673e.css]
[wp-content/plugins/bdthemes-element-pack/assets/images/loading.svg]
[wp-content/plugins/bdthemes-element-pack/assets/css/ep-helperdf08.css]
[wp-content/plugins/jet-engine/assets/css/frontende485.css]
[wp-content/themes/vault-child/styleef10.css]
[wp-content/plugins/elementor/assets/css/frontend-lite.minde8f.css]
[wp-content/plugins/elementor/assets/lib/swiper/v8/css/swiper.min94a4.css]
[wp-content/plugins/elementor-pro/assets/css/frontend-lite.min34a7.css]
[wp-content/uploads/dot-seamless-pattern.svg]
[wp-content/uploads/elementor/css/post-4343de.css]
[wp-content/uploads/elementor/css/post-629dad.css]
[wp-content/uploads/elementor/css/post-50b6ab.css]
[wp-content/img/select-arrow.svg]
[wp-content/uploads/uicore-global53c6.css]
[wp-content/plugins/uicore-framework/assets/fonts/themify.eot]
[wp-content/plugins/uicore-framework/assets/fonts/themify.woff]
[wp-content/plugins/uicore-framework/assets/fonts/themify.ttf]
[wp-content/plugins/uicore-framework/assets/fonts/themify-icons8a54.css]
[wp-content/plugins/uicore-framework/assets/fonts/themify.svg]
[wp-content/plugins/elementor/assets/css/widget-icon-list.min.css]
[wp-content/uploads/youtube.svg]
[wp-content/uploads/cool_fm.svg]
[wp-content/uploads/bolt.svg]
[wp-content/uploads/arla.svg]
[wp-content/uploads/access_bank.svg]
[wp-content/uploads/GIGM-Logo.svg]
[wp-content/uploads/MTN-Logo.svg]
[wp-content/uploads/kuda_bank.svg]
[wp-content/uploads/2.jpg]
[wp-content/uploads/1.jpg]
[wp-content/uploads/2024/04/Sameday-logo-back.svg]
[wp-content/uploads/elementor/css/post-5928e9e.css]
[wp-json/wp/v2/pages/592]
[wp-json/oembed/1.0/embed1661]
[terms-of-use/index.html]
[index568a.html]
[wp-content/uploads/elementor/css/post-6218e9e.css]
[wp-json/wp/v2/pages/621]
[wp-json/oembed/1.0/embed9289]
[privacy/index.html]
[cdn-cgi/l/email-protection.html]
[wp-content/plugins/bdthemes-element-pack/assets/css/ep-cursor-effectsdf08.css]
[wp-content/plugins/bdthemes-element-pack/assets/css/ep-reveal-effectsdf08.css]
[wp-content/plugins/bdthemes-element-pack/assets/css/ep-marqueedf08.css]
[wp-content/plugins/bdthemes-element-pack/assets/css/tippydf08.css]
[wp-content/plugins/bdthemes-element-pack/assets/css/ep-accordiondf08.css]
[wp-content/plugins/bdthemes-element-pack/assets/images/loading.svg]
[wp-content/uploads/dot-seamless-pattern.svg]
[wp-content/plugins/uicore-framework/assets/fonts/themify.svg]
[wp-content/uploads/2024/04/Sameday-logo-back.svg]
[wp-content/uploads/elementor/css/post-5928e9e.css]
[index568a.html]
[wp-content/uploads/elementor/css/post-6218e9e.css]
[indexb022.html]
[indexb022.html]
